[     529ms] [VERBOSE] [DOM] Input elements should have autocomplete attributes (suggested: "current-password"): (More info: https://goo.gl/9p2vKq) %o @ https://www.saucedemo.com/:0
[     677ms] [ERROR] Failed to load resource: the server responded with a status of 401 (Unauthorized) @ https://events.backtrace.io/api/unique-events/submit?universe=UNIVERSE&token=TOKEN:0
[     679ms] [ERROR] Failed to load resource: the server responded with a status of 401 (Unauthorized) @ https://events.backtrace.io/api/summed-events/submit?universe=UNIVERSE&token=TOKEN:0
[   10889ms] [ERROR] Failed to load resource: the server responded with a status of 401 (Unauthorized) @ https://events.backtrace.io/api/unique-events/submit?universe=UNIVERSE&token=TOKEN:0
[   10921ms] [ERROR] Failed to load resource: the server responded with a status of 401 (Unauthorized) @ https://events.backtrace.io/api/summed-events/submit?universe=UNIVERSE&token=TOKEN:0
[   31092ms] [ERROR] Failed to load resource: the server responded with a status of 401 (Unauthorized) @ https://events.backtrace.io/api/unique-events/submit?universe=UNIVERSE&token=TOKEN:0
[   31121ms] [ERROR] Failed to load resource: the server responded with a status of 401 (Unauthorized) @ https://events.backtrace.io/api/summed-events/submit?universe=UNIVERSE&token=TOKEN:0
[   92557ms] [VERBOSE] [DOM] Input elements should have autocomplete attributes (suggested: "current-password"): (More info: https://goo.gl/9p2vKq) %o @ https://www.saucedemo.com/:0
[   96785ms] [VERBOSE] [DOM] Input elements should have autocomplete attributes (suggested: "current-password"): (More info: https://goo.gl/9p2vKq) %o @ https://www.saucedemo.com/:0
[   98113ms] [VERBOSE] [DOM] Input elements should have autocomplete attributes (suggested: "current-password"): (More info: https://goo.gl/9p2vKq) %o @ https://www.saucedemo.com/:0
[   99462ms] [VERBOSE] [DOM] Input elements should have autocomplete attributes (suggested: "current-password"): (More info: https://goo.gl/9p2vKq) %o @ https://www.saucedemo.com/:0
[  105820ms] [VERBOSE] [DOM] Input elements should have autocomplete attributes (suggested: "current-password"): (More info: https://goo.gl/9p2vKq) %o @ https://www.saucedemo.com/:0
[  107155ms] [VERBOSE] [DOM] Input elements should have autocomplete attributes (suggested: "current-password"): (More info: https://goo.gl/9p2vKq) %o @ https://www.saucedemo.com/:0
[  112759ms] [ERROR] Failed to load resource: the server responded with a status of 404 () @ https://www.saucedemo.com/inventory.html:0
[  113390ms] [ERROR] Failed to load resource: the server responded with a status of 404 () @ https://www.saucedemo.com/inventory.html:0
[  113516ms] [ERROR] Failed to load resource: the server responded with a status of 404 () @ https://www.saucedemo.com/inventory.html:0
[  113654ms] [ERROR] Failed to load resource: the server responded with a status of 404 () @ https://www.saucedemo.com/inventory.html:0
[  113779ms] [ERROR] Failed to load resource: the server responded with a status of 404 () @ https://www.saucedemo.com/inventory.html:0
[  124040ms] [VERBOSE] [DOM] Input elements should have autocomplete attributes (suggested: "current-password"): (More info: https://goo.gl/9p2vKq) %o @ https://www.saucedemo.com/:0
[  124143ms] [VERBOSE] [DOM] Input elements should have autocomplete attributes (suggested: "current-password"): (More info: https://goo.gl/9p2vKq) %o @ https://www.saucedemo.com/:0
[  127212ms] [ERROR] Access to fetch at 'https://submit.backtrace.io/UNIVERSE/TOKEN/json' from origin 'https://www.saucedemo.com' has been blocked by CORS policy: No 'Access-Control-Allow-Origin' header is present on the requested resource. @ https://www.saucedemo.com/:0
[  127213ms] [ERROR] Failed to load resource: net::ERR_FAILED @ https://submit.backtrace.io/UNIVERSE/TOKEN/json:0
